Component: ARM Compiler 5.05 (build 41) Tool: armlink [4d0eb9]

==============================================================================

Section Cross References

    main.o(.text) refers to softdevice_handler.o(.text) for softdevice_handler_init
    main.o(.text) refers to memseta.o(.text) for __aeabi_memclr4
    main.o(.text) refers to ble_advdata.o(.text) for ble_advdata_set
    main.o(.text) refers to main.o(.bss) for EVT_BUFFER
    main.o(.text) refers to main.o(.data) for m_beacon_info
    arm_startup_nrf51.o(RESET) refers to arm_startup_nrf51.o(STACK) for __initial_sp
    arm_startup_nrf51.o(RESET) refers to arm_startup_nrf51.o(.text) for Reset_Handler
    arm_startup_nrf51.o(RESET) refers to app_timer.o(.text) for RTC1_IRQHandler
    arm_startup_nrf51.o(RESET) refers to softdevice_handler.o(.text) for SWI2_IRQHandler
    arm_startup_nrf51.o(.text) refers to system_nrf51.o(.text) for SystemInit
    arm_startup_nrf51.o(.text) refers to entry.o(.ARM.Collect$$$$00000000) for __main
    system_nrf51.o(.text) refers to system_nrf51.o(.data) for SystemCoreClock
    ble_srv_common.o(.text) refers to main.o(.text) for app_error_handler
    ble_srv_common.o(.text) refers to strlen.o(.text) for strlen
    ble_advdata.o(.text) refers to memcpya.o(.text) for __aeabi_memcpy
    ble_conn_params.o(.text) refers to memcpya.o(.text) for __aeabi_memcpy4
    ble_conn_params.o(.text) refers to app_timer.o(.text) for app_timer_create
    ble_conn_params.o(.text) refers to ble_conn_params.o(.data) for m_preferred_conn_params
    ble_conn_params.o(.text) refers to ble_conn_params.o(.bss) for m_conn_params_config
    nrf_delay.o(.text) refers to nrf_delay.o(.emb_text) for __asm___11_nrf_delay_c_532987f3__nrf_delay_us
    app_scheduler.o(.text) refers to main.o(.text) for app_error_handler
    app_scheduler.o(.text) refers to memcpya.o(.text) for __aeabi_memcpy
    app_scheduler.o(.text) refers to app_scheduler.o(.data) for m_queue_event_headers
    app_timer.o(.text) refers to app_timer.o(.emb_text) for __asm___11_app_timer_c_cd27f9c3__nrf_delay_us
    app_timer.o(.text) refers to main.o(.text) for app_error_handler
    app_timer.o(.text) refers to app_timer.o(.data) for m_rtc1_running
    softdevice_handler.o(.text) refers (Weak) to main.o(.text) for assert_nrf_callback
    softdevice_handler.o(.text) refers to main.o(.text) for app_error_handler
    softdevice_handler.o(.text) refers to softdevice_handler.o(.data) for m_softdevice_enabled
    entry.o(.ARM.Collect$$$$00000000) refers (Special) to entry10a.o(.ARM.Collect$$$$0000000D) for __rt_final_cpp
    entry.o(.ARM.Collect$$$$00000000) refers (Special) to entry11a.o(.ARM.Collect$$$$0000000F) for __rt_final_exit
    entry.o(.ARM.Collect$$$$00000000) refers (Special) to entry7b.o(.ARM.Collect$$$$00000008) for _main_clock
    entry.o(.ARM.Collect$$$$00000000) refers (Special) to entry8b.o(.ARM.Collect$$$$0000000A) for _main_cpp_init
    entry.o(.ARM.Collect$$$$00000000) refers (Special) to entry9a.o(.ARM.Collect$$$$0000000B) for _main_init
    entry.o(.ARM.Collect$$$$00000000) refers (Special) to entry5.o(.ARM.Collect$$$$00000004) for _main_scatterload
    entry.o(.ARM.Collect$$$$00000000) refers (Special) to entry2.o(.ARM.Collect$$$$00000001) for _main_stk
    entry2.o(.ARM.Collect$$$$00000001) refers to entry2.o(.ARM.Collect$$$$00002712) for __lit__00000000
    entry2.o(.ARM.Collect$$$$00002712) refers to arm_startup_nrf51.o(STACK) for __initial_sp
    entry2.o(__vectab_stack_and_reset_area) refers to arm_startup_nrf51.o(STACK) for __initial_sp
    entry2.o(__vectab_stack_and_reset_area) refers to entry.o(.ARM.Collect$$$$00000000) for __main
    entry5.o(.ARM.Collect$$$$00000004) refers to init.o(.text) for __scatterload
    entry9a.o(.ARM.Collect$$$$0000000B) refers to main.o(.text) for main
    entry9b.o(.ARM.Collect$$$$0000000C) refers to main.o(.text) for main
    init.o(.text) refers to entry5.o(.ARM.Collect$$$$00000004) for __main_after_scatterload


==============================================================================

Removing Unused input sections from the image.

    Removing main.o(.rev16_text), (4 bytes).
    Removing main.o(.revsh_text), (4 bytes).
    Removing arm_startup_nrf51.o(HEAP), (2048 bytes).
    Removing system_nrf51.o(.rev16_text), (4 bytes).
    Removing system_nrf51.o(.revsh_text), (4 bytes).
    Removing ble_srv_common.o(.text), (80 bytes).
    Removing ble_conn_params.o(.text), (776 bytes).
    Removing ble_conn_params.o(.bss), (28 bytes).
    Removing ble_conn_params.o(.data), (25 bytes).
    Removing nrf_delay.o(.rev16_text), (4 bytes).
    Removing nrf_delay.o(.revsh_text), (4 bytes).
    Removing nrf_delay.o(.emb_text), (30 bytes).
    Removing nrf_delay.o(.text), (28 bytes).
    Removing app_error.o(.rev16_text), (4 bytes).
    Removing app_error.o(.revsh_text), (4 bytes).
    Removing app_error.o(.text), (32 bytes).
    Removing app_scheduler.o(.rev16_text), (4 bytes).
    Removing app_scheduler.o(.revsh_text), (4 bytes).
    Removing app_scheduler.o(.text), (560 bytes).
    Removing app_scheduler.o(.data), (14 bytes).
    Removing app_timer.o(.rev16_text), (4 bytes).
    Removing app_timer.o(.revsh_text), (4 bytes).
    Removing softdevice_handler.o(.rev16_text), (4 bytes).
    Removing softdevice_handler.o(.revsh_text), (4 bytes).

24 unused section(s) (total 3677 bytes) removed from the image.

==============================================================================

Image Symbol Table

    Local Symbols

    Symbol Name                              Value     Ov Type        Size  Object(Section)

    ../clib/microlib/init/entry.s            0x00000000   Number         0  entry8b.o ABSOLUTE
    ../clib/microlib/init/entry.s            0x00000000   Number         0  entry9b.o ABSOLUTE
    ../clib/microlib/init/entry.s            0x00000000   Number         0  entry2.o ABSOLUTE
    ../clib/microlib/init/entry.s            0x00000000   Number         0  entry9a.o ABSOLUTE
    ../clib/microlib/init/entry.s            0x00000000   Number         0  entry10a.o ABSOLUTE
    ../clib/microlib/init/entry.s            0x00000000   Number         0  entry8a.o ABSOLUTE
    ../clib/microlib/init/entry.s            0x00000000   Number         0  entry.o ABSOLUTE
    ../clib/microlib/init/entry.s            0x00000000   Number         0  entry10b.o ABSOLUTE
    ../clib/microlib/init/entry.s            0x00000000   Number         0  entry11a.o ABSOLUTE
    ../clib/microlib/init/entry.s            0x00000000   Number         0  entry11b.o ABSOLUTE
    ../clib/microlib/init/entry.s            0x00000000   Number         0  entry7b.o ABSOLUTE
    ../clib/microlib/init/entry.s            0x00000000   Number         0  entry7a.o ABSOLUTE
    ../clib/microlib/init/entry.s            0x00000000   Number         0  entry5.o ABSOLUTE
    ../clib/microlib/string/memcpy.c         0x00000000   Number         0  memcpyb.o ABSOLUTE
    ../clib/microlib/string/memcpy.c         0x00000000   Number         0  memcpya.o ABSOLUTE
    ../clib/microlib/string/memset.c         0x00000000   Number         0  memseta.o ABSOLUTE
    ../clib/microlib/string/strlen.c         0x00000000   Number         0  strlen.o ABSOLUTE
    C:\Keil\ARM\PACK\NordicSemiconductor\nRF_BLE\1.1.0\common\ble_srv_common.c 0x00000000   Number         0  ble_srv_common.o ABSOLUTE
    C:\Keil\ARM\PACK\NordicSemiconductor\nRF_Drivers\1.2.0\hal\nrf_delay.c 0x00000000   Number         0  nrf_delay.o ABSOLUTE
    C:\\Keil\\ARM\\PACK\\NordicSemiconductor\\nRF_Drivers\\1.2.0\\hal\\nrf_delay.c 0x00000000   Number         0  nrf_delay.o ABSOLUTE
    RTE\Device\nRF51822_xxAA\arm_startup_nrf51.s 0x00000000   Number         0  arm_startup_nrf51.o ABSOLUTE
    RTE\Device\nRF51822_xxAA\system_nrf51.c  0x00000000   Number         0  system_nrf51.o ABSOLUTE
    RTE\\Device\\nRF51822_xxAA\\system_nrf51.c 0x00000000   Number         0  system_nrf51.o ABSOLUTE
    RTE\\nRF_Libraries\\nRF51822_xxAA\\app_error.c 0x00000000   Number         0  app_error.o ABSOLUTE
    RTE\\nRF_Libraries\\nRF51822_xxAA\\app_scheduler.c 0x00000000   Number         0  app_scheduler.o ABSOLUTE
    RTE\\nRF_Libraries\\nRF51822_xxAA\\app_timer.c 0x00000000   Number         0  app_timer.o ABSOLUTE
    RTE\\nRF_SoftDevice\\nRF51822_xxAA\\softdevice_handler.c 0x00000000   Number         0  softdevice_handler.o ABSOLUTE
    RTE\nRF_BLE\nRF51822_xxAA\ble_advdata.c  0x00000000   Number         0  ble_advdata.o ABSOLUTE
    RTE\nRF_BLE\nRF51822_xxAA\ble_conn_params.c 0x00000000   Number         0  ble_conn_params.o ABSOLUTE
    RTE\nRF_Libraries\nRF51822_xxAA\app_error.c 0x00000000   Number         0  app_error.o ABSOLUTE
    RTE\nRF_Libraries\nRF51822_xxAA\app_scheduler.c 0x00000000   Number         0  app_scheduler.o ABSOLUTE
    RTE\nRF_Libraries\nRF51822_xxAA\app_timer.c 0x00000000   Number         0  app_timer.o ABSOLUTE
    RTE\nRF_Libraries\nRF51822_xxAA\nrf_assert.c 0x00000000   Number         0  nrf_assert.o ABSOLUTE
    RTE\nRF_SoftDevice\nRF51822_xxAA\softdevice_handler.c 0x00000000   Number         0  softdevice_handler.o ABSOLUTE
    dc.s                                     0x00000000   Number         0  dc.o ABSOLUTE
    handlers.s                               0x00000000   Number         0  handlers.o ABSOLUTE
    init.s                                   0x00000000   Number         0  init.o ABSOLUTE
    main.c                                   0x00000000   Number         0  main.o ABSOLUTE
    main.c                                   0x00000000   Number         0  main.o ABSOLUTE
    RESET                                    0x00016000   Section      192  arm_startup_nrf51.o(RESET)
    .ARM.Collect$$$$00000000                 0x000160c0   Section        0  entry.o(.ARM.Collect$$$$00000000)
    .ARM.Collect$$$$00000001                 0x000160c0   Section        4  entry2.o(.ARM.Collect$$$$00000001)
    .ARM.Collect$$$$00000004                 0x000160c4   Section        4  entry5.o(.ARM.Collect$$$$00000004)
    .ARM.Collect$$$$00000008                 0x000160c8   Section        0  entry7b.o(.ARM.Collect$$$$00000008)
    .ARM.Collect$$$$0000000A                 0x000160c8   Section        0  entry8b.o(.ARM.Collect$$$$0000000A)
    .ARM.Collect$$$$0000000B                 0x000160c8   Section        8  entry9a.o(.ARM.Collect$$$$0000000B)
    .ARM.Collect$$$$0000000D                 0x000160d0   Section        0  entry10a.o(.ARM.Collect$$$$0000000D)
    .ARM.Collect$$$$0000000F                 0x000160d0   Section        0  entry11a.o(.ARM.Collect$$$$0000000F)
    .ARM.Collect$$$$00002712                 0x000160d0   Section        4  entry2.o(.ARM.Collect$$$$00002712)
    __lit__00000000                          0x000160d0   Data           4  entry2.o(.ARM.Collect$$$$00002712)
    .emb_text                                0x000160d4   Section       30  app_timer.o(.emb_text)
    .text                                    0x000160f4   Section        0  main.o(.text)
    ble_stack_init                           0x0001610b   Thumb Code    78  main.o(.text)
    advertising_init                         0x00016159   Thumb Code   112  main.o(.text)
    advertising_start                        0x000161c9   Thumb Code    32  main.o(.text)
    .text                                    0x00016224   Section       56  arm_startup_nrf51.o(.text)
    .text                                    0x0001625c   Section        0  system_nrf51.o(.text)
    is_disabled_in_debug_needed              0x00016265   Thumb Code    52  system_nrf51.o(.text)
    is_manual_peripheral_setup_needed        0x00016299   Thumb Code   104  system_nrf51.o(.text)
    .text                                    0x00016344   Section        0  ble_advdata.o(.text)
    name_encode                              0x00016345   Thumb Code   150  ble_advdata.o(.text)
    appearance_encode                        0x000163db   Thumb Code    74  ble_advdata.o(.text)
    uint8_array_encode                       0x00016425   Thumb Code    82  ble_advdata.o(.text)
    tx_power_level_encode                    0x00016477   Thumb Code    48  ble_advdata.o(.text)
    uuid_list_sized_encode                   0x000164a7   Thumb Code   196  ble_advdata.o(.text)
    uuid_list_encode                         0x0001656b   Thumb Code    64  ble_advdata.o(.text)
    conn_int_check                           0x000165ab   Thumb Code    88  ble_advdata.o(.text)
    conn_int_encode                          0x00016603   Thumb Code    92  ble_advdata.o(.text)
    manuf_specific_data_encode               0x0001665f   Thumb Code   106  ble_advdata.o(.text)
    service_data_encode                      0x000166c9   Thumb Code   140  ble_advdata.o(.text)
    adv_data_encode                          0x00016755   Thumb Code   304  ble_advdata.o(.text)
    advdata_check                            0x00016885   Thumb Code    34  ble_advdata.o(.text)
    srdata_check                             0x000168a7   Thumb Code    16  ble_advdata.o(.text)
    uint16_encode                            0x00016931   Thumb Code    18  ble_advdata.o(.text)
    .text                                    0x00016948   Section        0  app_timer.o(.text)
    NVIC_SetPriority                         0x00016949   Thumb Code   110  app_timer.o(.text)
    rtc1_init                                0x000169b7   Thumb Code    18  app_timer.o(.text)
    rtc1_start                               0x000169c9   Thumb Code    48  app_timer.o(.text)
    rtc1_stop                                0x000169f9   Thumb Code    68  app_timer.o(.text)
    timer_list_insert                        0x00016a3d   Thumb Code   212  app_timer.o(.text)
    timer_list_remove                        0x00016b11   Thumb Code   184  app_timer.o(.text)
    timer_timeouts_check_sched               0x00016bc9   Thumb Code    10  app_timer.o(.text)
    timer_list_handler_sched                 0x00016bd3   Thumb Code    10  app_timer.o(.text)
    timeout_handler_exec                     0x00016bdd   Thumb Code    58  app_timer.o(.text)
    timer_timeouts_check                     0x00016c17   Thumb Code   132  app_timer.o(.text)
    elapsed_ticks_acquire                    0x00016c9b   Thumb Code    82  app_timer.o(.text)
    list_deletions_handler                   0x00016ced   Thumb Code   242  app_timer.o(.text)
    expired_timers_handler                   0x00016ddf   Thumb Code   100  app_timer.o(.text)
    list_insertions_handler                  0x00016e43   Thumb Code   276  app_timer.o(.text)
    compare_reg_update                       0x00016f57   Thumb Code   124  app_timer.o(.text)
    timer_list_handler                       0x00016fd3   Thumb Code    76  app_timer.o(.text)
    user_op_enque                            0x0001701f   Thumb Code     4  app_timer.o(.text)
    user_op_alloc                            0x00017023   Thumb Code    44  app_timer.o(.text)
    timer_start_op_schedule                  0x0001704f   Thumb Code    80  app_timer.o(.text)
    timer_stop_op_schedule                   0x0001709f   Thumb Code    58  app_timer.o(.text)
    timer_stop_all_op_schedule               0x000170d9   Thumb Code    58  app_timer.o(.text)
    user_id_get                              0x0001729d   Thumb Code    34  app_timer.o(.text)
    NVIC_EnableIRQ                           0x0001739b   Thumb Code    14  app_timer.o(.text)
    NVIC_SetPendingIRQ                       0x000173a9   Thumb Code    14  app_timer.o(.text)
    NVIC_ClearPendingIRQ                     0x000173b7   Thumb Code    16  app_timer.o(.text)
    current_int_priority_get                 0x000173c7   Thumb Code    84  app_timer.o(.text)
    rtc1_counter_get                         0x0001741b   Thumb Code     6  app_timer.o(.text)
    ticks_diff_get                           0x00017421   Thumb Code    10  app_timer.o(.text)
    .text                                    0x00017460   Section        0  softdevice_handler.o(.text)
    .text                                    0x000175f8   Section        0  memcpya.o(.text)
    .text                                    0x0001761c   Section        0  memseta.o(.text)
    .text                                    0x00017640   Section       36  init.o(.text)
    i.__scatterload_copy                     0x00017664   Section       14  handlers.o(i.__scatterload_copy)
    i.__scatterload_null                     0x00017672   Section        2  handlers.o(i.__scatterload_null)
    i.__scatterload_zeroinit                 0x00017674   Section       14  handlers.o(i.__scatterload_zeroinit)
    .data                                    0x20002000   Section       23  main.o(.data)
    m_beacon_info                            0x20002000   Data          23  main.o(.data)
    .data                                    0x20002018   Section        4  system_nrf51.o(.data)
    __tagsym$$used                           0x20002018   Number         0  system_nrf51.o(.data)
    .data                                    0x2000201c   Section       42  app_timer.o(.data)
    m_node_array_size                        0x2000201c   Data           1  app_timer.o(.data)
    mp_nodes                                 0x20002020   Data           4  app_timer.o(.data)
    m_user_array_size                        0x20002024   Data           1  app_timer.o(.data)
    mp_users                                 0x20002028   Data           4  app_timer.o(.data)
    m_timer_id_head                          0x2000202c   Data           4  app_timer.o(.data)
    m_ticks_latest                           0x20002030   Data           4  app_timer.o(.data)
    m_ticks_elapsed                          0x20002034   Data           8  app_timer.o(.data)
    m_ticks_elapsed_q_read_ind               0x2000203c   Data           1  app_timer.o(.data)
    m_ticks_elapsed_q_write_ind              0x2000203d   Data           1  app_timer.o(.data)
    m_evt_schedule_func                      0x20002040   Data           4  app_timer.o(.data)
    m_rtc1_running                           0x20002044   Data           1  app_timer.o(.data)
    m_rtc1_reset                             0x20002045   Data           1  app_timer.o(.data)
    .data                                    0x20002048   Section       20  softdevice_handler.o(.data)
    m_evt_schedule_func                      0x20002048   Data           4  softdevice_handler.o(.data)
    m_evt_buffer                             0x2000204c   Data           4  softdevice_handler.o(.data)
    m_ble_evt_buffer_size                    0x20002050   Data           2  softdevice_handler.o(.data)
    m_softdevice_enabled                     0x20002052   Data           1  softdevice_handler.o(.data)
    m_ble_evt_handler                        0x20002054   Data           4  softdevice_handler.o(.data)
    m_sys_evt_handler                        0x20002058   Data           4  softdevice_handler.o(.data)
    .bss                                     0x2000205c   Section      100  main.o(.bss)
    m_adv_params                             0x2000205c   Data          20  main.o(.bss)
    EVT_BUFFER                               0x20002070   Data          80  main.o(.bss)
    STACK                                    0x200020c0   Section     2048  arm_startup_nrf51.o(STACK)

    Global Symbols

    Symbol Name                              Value     Ov Type        Size  Object(Section)

    BuildAttributes$$THM_ISAv3M$S$PE$A:L22$X:L11$S22$IEEE1$IW$USESV6$~STKCKD$USESV7$ENUMINT$~SHL$OSPACE$EBA8$MICROLIB$REQ8$PRES8$EABIv2 0x00000000   Number         0  anon$$obj.o ABSOLUTE
    __ARM_use_no_argv                        0x00000000   Number         0  main.o ABSOLUTE
    __cpp_initialize__aeabi_                  - Undefined Weak Reference
    __cxa_finalize                            - Undefined Weak Reference
    __decompress                              - Undefined Weak Reference
    _clock_init                               - Undefined Weak Reference
    _microlib_exit                            - Undefined Weak Reference
    __Vectors_Size                           0x000000c0   Number         0  arm_startup_nrf51.o ABSOLUTE
    __Vectors                                0x00016000   Data           4  arm_startup_nrf51.o(RESET)
    __Vectors_End                            0x000160c0   Data           0  arm_startup_nrf51.o(RESET)
    __main                                   0x000160c1   Thumb Code     0  entry.o(.ARM.Collect$$$$00000000)
    _main_stk                                0x000160c1   Thumb Code     0  entry2.o(.ARM.Collect$$$$00000001)
    _main_scatterload                        0x000160c5   Thumb Code     0  entry5.o(.ARM.Collect$$$$00000004)
    __main_after_scatterload                 0x000160c9   Thumb Code     0  entry5.o(.ARM.Collect$$$$00000004)
    _main_clock                              0x000160c9   Thumb Code     0  entry7b.o(.ARM.Collect$$$$00000008)
    _main_cpp_init                           0x000160c9   Thumb Code     0  entry8b.o(.ARM.Collect$$$$0000000A)
    _main_init                               0x000160c9   Thumb Code     0  entry9a.o(.ARM.Collect$$$$0000000B)
    __rt_final_cpp                           0x000160d1   Thumb Code     0  entry10a.o(.ARM.Collect$$$$0000000D)
    __rt_final_exit                          0x000160d1   Thumb Code     0  entry11a.o(.ARM.Collect$$$$0000000F)
    __asm___11_app_timer_c_cd27f9c3__nrf_delay_us 0x000160d5   Thumb Code    30  app_timer.o(.emb_text)
    app_error_handler                        0x000160f5   Thumb Code    22  main.o(.text)
    main                                     0x000161e9   Thumb Code    20  main.o(.text)
    assert_nrf_callback                      0x000161fd   Thumb Code    14  main.o(.text)
    Reset_Handler                            0x00016225   Thumb Code    26  arm_startup_nrf51.o(.text)
    NMI_Handler                              0x0001623f   Thumb Code     2  arm_startup_nrf51.o(.text)
    HardFault_Handler                        0x00016241   Thumb Code     2  arm_startup_nrf51.o(.text)
    SVC_Handler                              0x00016243   Thumb Code     2  arm_startup_nrf51.o(.text)
    PendSV_Handler                           0x00016245   Thumb Code     2  arm_startup_nrf51.o(.text)
    SysTick_Handler                          0x00016247   Thumb Code     2  arm_startup_nrf51.o(.text)
    ADC_IRQHandler                           0x00016249   Thumb Code     0  arm_startup_nrf51.o(.text)
    CCM_AAR_IRQHandler                       0x00016249   Thumb Code     0  arm_startup_nrf51.o(.text)
    ECB_IRQHandler                           0x00016249   Thumb Code     0  arm_startup_nrf51.o(.text)
    GPIOTE_IRQHandler                        0x00016249   Thumb Code     0  arm_startup_nrf51.o(.text)
    LPCOMP_IRQHandler                        0x00016249   Thumb Code     0  arm_startup_nrf51.o(.text)
    POWER_CLOCK_IRQHandler                   0x00016249   Thumb Code     0  arm_startup_nrf51.o(.text)
    QDEC_IRQHandler                          0x00016249   Thumb Code     0  arm_startup_nrf51.o(.text)
    RADIO_IRQHandler                         0x00016249   Thumb Code     0  arm_startup_nrf51.o(.text)
    RNG_IRQHandler                           0x00016249   Thumb Code     0  arm_startup_nrf51.o(.text)
    RTC0_IRQHandler                          0x00016249   Thumb Code     0  arm_startup_nrf51.o(.text)
    SPI0_TWI0_IRQHandler                     0x00016249   Thumb Code     0  arm_startup_nrf51.o(.text)
    SPI1_TWI1_IRQHandler                     0x00016249   Thumb Code     0  arm_startup_nrf51.o(.text)
    SWI1_IRQHandler                          0x00016249   Thumb Code     0  arm_startup_nrf51.o(.text)
    SWI3_IRQHandler                          0x00016249   Thumb Code     0  arm_startup_nrf51.o(.text)
    SWI4_IRQHandler                          0x00016249   Thumb Code     0  arm_startup_nrf51.o(.text)
    SWI5_IRQHandler                          0x00016249   Thumb Code     0  arm_startup_nrf51.o(.text)
    TEMP_IRQHandler                          0x00016249   Thumb Code     0  arm_startup_nrf51.o(.text)
    TIMER0_IRQHandler                        0x00016249   Thumb Code     0  arm_startup_nrf51.o(.text)
    TIMER1_IRQHandler                        0x00016249   Thumb Code     0  arm_startup_nrf51.o(.text)
    TIMER2_IRQHandler                        0x00016249   Thumb Code     0  arm_startup_nrf51.o(.text)
    UART0_IRQHandler                         0x00016249   Thumb Code     0  arm_startup_nrf51.o(.text)
    WDT_IRQHandler                           0x00016249   Thumb Code     0  arm_startup_nrf51.o(.text)
    SystemCoreClockUpdate                    0x0001625d   Thumb Code     8  system_nrf51.o(.text)
    SystemInit                               0x00016301   Thumb Code    38  system_nrf51.o(.text)
    ble_advdata_set                          0x000168b7   Thumb Code   122  ble_advdata.o(.text)
    RTC1_IRQHandler                          0x00017113   Thumb Code    34  app_timer.o(.text)
    SWI0_IRQHandler                          0x00017135   Thumb Code     8  app_timer.o(.text)
    app_timer_init                           0x0001713d   Thumb Code   244  app_timer.o(.text)
    app_timer_create                         0x00017231   Thumb Code   108  app_timer.o(.text)
    app_timer_start                          0x000172bf   Thumb Code    98  app_timer.o(.text)
    app_timer_stop                           0x00017321   Thumb Code    60  app_timer.o(.text)
    app_timer_stop_all                       0x0001735d   Thumb Code    26  app_timer.o(.text)
    app_timer_cnt_get                        0x00017377   Thumb Code    14  app_timer.o(.text)
    app_timer_cnt_diff_compute               0x00017385   Thumb Code    22  app_timer.o(.text)
    softdevice_assertion_handler             0x00017461   Thumb Code    18  softdevice_handler.o(.text)
    intern_softdevice_events_execute         0x00017473   Thumb Code   168  softdevice_handler.o(.text)
    softdevice_handler_init                  0x0001751b   Thumb Code    84  softdevice_handler.o(.text)
    softdevice_handler_sd_disable            0x0001756f   Thumb Code    24  softdevice_handler.o(.text)
    softdevice_ble_evt_handler_set           0x00017587   Thumb Code    18  softdevice_handler.o(.text)
    softdevice_sys_evt_handler_set           0x00017599   Thumb Code    18  softdevice_handler.o(.text)
    SWI2_IRQHandler                          0x000175ab   Thumb Code    50  softdevice_handler.o(.text)
    __aeabi_memcpy                           0x000175f9   Thumb Code    36  memcpya.o(.text)
    __aeabi_memcpy4                          0x000175f9   Thumb Code     0  memcpya.o(.text)
    __aeabi_memcpy8                          0x000175f9   Thumb Code     0  memcpya.o(.text)
    __aeabi_memset                           0x0001761d   Thumb Code    14  memseta.o(.text)
    __aeabi_memset4                          0x0001761d   Thumb Code     0  memseta.o(.text)
    __aeabi_memset8                          0x0001761d   Thumb Code     0  memseta.o(.text)
    __aeabi_memclr                           0x0001762b   Thumb Code     4  memseta.o(.text)
    __aeabi_memclr4                          0x0001762b   Thumb Code     0  memseta.o(.text)
    __aeabi_memclr8                          0x0001762b   Thumb Code     0  memseta.o(.text)
    _memset$wrapper                          0x0001762f   Thumb Code    18  memseta.o(.text)
    __scatterload                            0x00017641   Thumb Code    28  init.o(.text)
    __scatterload_rt2                        0x00017641   Thumb Code     0  init.o(.text)
    __scatterload_copy                       0x00017665   Thumb Code    14  handlers.o(i.__scatterload_copy)
    __scatterload_null                       0x00017673   Thumb Code     2  handlers.o(i.__scatterload_null)
    __scatterload_zeroinit                   0x00017675   Thumb Code    14  handlers.o(i.__scatterload_zeroinit)
    Region$$Table$$Base                      0x00017684   Number         0  anon$$obj.o(Region$$Table)
    Region$$Table$$Limit                     0x000176a4   Number         0  anon$$obj.o(Region$$Table)
    SystemCoreClock                          0x20002018   Data           4  system_nrf51.o(.data)
    __initial_sp                             0x200028c0   Data           0  arm_startup_nrf51.o(STACK)



==============================================================================

Memory Map of the image

  Image Entry point : 0x000160c1

  Load Region LR_IROM1 (Base: 0x00016000, Size: 0x00001700, Max: 0x00029000, ABSOLUTE)

    Execution Region ER_IROM1 (Base: 0x00016000, Size: 0x000016a4, Max: 0x00029000, ABSOLUTE)

    Base Addr    Size         Type   Attr      Idx    E Section Name        Object

    0x00016000   0x000000c0   Data   RO          132    RESET               arm_startup_nrf51.o
    0x000160c0   0x00000000   Code   RO          420  * .ARM.Collect$$$$00000000  mc_p.l(entry.o)
    0x000160c0   0x00000004   Code   RO          431    .ARM.Collect$$$$00000001  mc_p.l(entry2.o)
    0x000160c4   0x00000004   Code   RO          434    .ARM.Collect$$$$00000004  mc_p.l(entry5.o)
    0x000160c8   0x00000000   Code   RO          436    .ARM.Collect$$$$00000008  mc_p.l(entry7b.o)
    0x000160c8   0x00000000   Code   RO          438    .ARM.Collect$$$$0000000A  mc_p.l(entry8b.o)
    0x000160c8   0x00000008   Code   RO          439    .ARM.Collect$$$$0000000B  mc_p.l(entry9a.o)
    0x000160d0   0x00000000   Code   RO          441    .ARM.Collect$$$$0000000D  mc_p.l(entry10a.o)
    0x000160d0   0x00000000   Code   RO          443    .ARM.Collect$$$$0000000F  mc_p.l(entry11a.o)
    0x000160d0   0x00000004   Code   RO          432    .ARM.Collect$$$$00002712  mc_p.l(entry2.o)
    0x000160d4   0x0000001e   Code   RO          356    .emb_text           app_timer.o
    0x000160f2   0x00000002   PAD
    0x000160f4   0x00000130   Code   RO            3    .text               main.o
    0x00016224   0x00000038   Code   RO          133    .text               arm_startup_nrf51.o
    0x0001625c   0x000000e8   Code   RO          139    .text               system_nrf51.o
    0x00016344   0x00000604   Code   RO          193    .text               ble_advdata.o
    0x00016948   0x00000b18   Code   RO          357    .text               app_timer.o
    0x00017460   0x00000198   Code   RO          397    .text               softdevice_handler.o
    0x000175f8   0x00000024   Code   RO          423    .text               mc_p.l(memcpya.o)
    0x0001761c   0x00000024   Code   RO          425    .text               mc_p.l(memseta.o)
    0x00017640   0x00000024   Code   RO          445    .text               mc_p.l(init.o)
    0x00017664   0x0000000e   Code   RO          449    i.__scatterload_copy  mc_p.l(handlers.o)
    0x00017672   0x00000002   Code   RO          450    i.__scatterload_null  mc_p.l(handlers.o)
    0x00017674   0x0000000e   Code   RO          451    i.__scatterload_zeroinit  mc_p.l(handlers.o)
    0x00017682   0x00000002   PAD
    0x00017684   0x00000020   Data   RO          447    Region$$Table       anon$$obj.o


    Execution Region RW_IRAM1 (Base: 0x20002000, Size: 0x000008c0, Max: 0x00006000, ABSOLUTE)

    Base Addr    Size         Type   Attr      Idx    E Section Name        Object

    0x20002000   0x00000017   Data   RW            5    .data               main.o
    0x20002017   0x00000001   PAD
    0x20002018   0x00000004   Data   RW          140    .data               system_nrf51.o
    0x2000201c   0x0000002a   Data   RW          358    .data               app_timer.o
    0x20002046   0x00000002   PAD
    0x20002048   0x00000014   Data   RW          398    .data               softdevice_handler.o
    0x2000205c   0x00000064   Zero   RW            4    .bss                main.o
    0x200020c0   0x00000800   Zero   RW          130    STACK               arm_startup_nrf51.o


==============================================================================

Image component sizes


      Code (inc. data)   RO Data    RW Data    ZI Data      Debug   Object Name

         0          0          0          0          0       2868   app_scheduler.o
      2870        160          0         42          0      22213   app_timer.o
        56         18        192          0       2048        624   arm_startup_nrf51.o
      1540          6          0          0          0       9938   ble_advdata.o
       304         26          0         23        100      64133   main.o
       408         28          0         20          0       3980   softdevice_handler.o
       232         30          0          4          0       1233   system_nrf51.o

    ----------------------------------------------------------------------
      5412        268        224         92       2148     104989   Object Totals
         0          0         32          0          0          0   (incl. Generated)
         2          0          0          3          0          0   (incl. Padding)

    ----------------------------------------------------------------------

      Code (inc. data)   RO Data    RW Data    ZI Data      Debug   Library Member Name

         0          0          0          0          0          0   entry.o
         0          0          0          0          0          0   entry10a.o
         0          0          0          0          0          0   entry11a.o
         8          4          0          0          0          0   entry2.o
         4          0          0          0          0          0   entry5.o
         0          0          0          0          0          0   entry7b.o
         0          0          0          0          0          0   entry8b.o
         8          4          0          0          0          0   entry9a.o
        30          0          0          0          0          0   handlers.o
        36          8          0          0          0         68   init.o
        36          0          0          0          0         60   memcpya.o
        36          0          0          0          0        100   memseta.o

    ----------------------------------------------------------------------
       160         16          0          0          0        228   Library Totals
         2          0          0          0          0          0   (incl. Padding)

    ----------------------------------------------------------------------

      Code (inc. data)   RO Data    RW Data    ZI Data      Debug   Library Name

       158         16          0          0          0        228   mc_p.l

    ----------------------------------------------------------------------
       160         16          0          0          0        228   Library Totals

    ----------------------------------------------------------------------

==============================================================================


      Code (inc. data)   RO Data    RW Data    ZI Data      Debug   

      5572        284        224         92       2148     105053   Grand Totals
      5572        284        224         92       2148     105053   ELF Image Totals
      5572        284        224         92          0          0   ROM Totals

==============================================================================

    Total RO  Size (Code + RO Data)                 5796 (   5.66kB)
    Total RW  Size (RW Data + ZI Data)              2240 (   2.19kB)
    Total ROM Size (Code + RO Data + RW Data)       5888 (   5.75kB)

==============================================================================

